// Jest Snapshot v1, https://goo.gl/fbAQLP

exports[`DateSelect renders 1`] = `
ShallowWrapper {
  Symbol(enzyme.__root__): [Circular],
  Symbol(enzyme.__unrendered__): <DateSelect
    label="I'm a date picker"
    maxYear={9999}
    onChange={[MockFunction]}
  />,
  Symbol(enzyme.__renderer__): Object {
    "batchedUpdates": [Function],
    "getNode": [Function],
    "render": [Function],
    "simulateEvent": [Function],
    "unmount": [Function],
  },
  Symbol(enzyme.__node__): Object {
    "instance": null,
    "key": undefined,
    "nodeType": "function",
    "props": Object {
      "definition": <div>
        <select
          name="month"
          onChange={[Function]}
          style={
            Object {
              "marginRight": 15,
              "padding": 5,
            }
          }
          value="Month"
        >
          <option>
            Month
          </option>
        </select>
        <select
          name="day"
          onChange={[Function]}
          style={
            Object {
              "marginRight": 15,
              "padding": 5,
            }
          }
          value="Day"
        >
          <option>
            Day
          </option>
        </select>
        <select
          name="year"
          onChange={[Function]}
          style={
            Object {
              "marginRight": 15,
              "padding": 5,
            }
          }
          value="Year"
        >
          <option>
            Year
          </option>
        </select>
      </div>,
      "label": "I'm a date picker",
      "maxYear": 9999,
      "onChange": [MockFunction],
    },
    "ref": null,
    "rendered": null,
    "type": [Function],
  },
  Symbol(enzyme.__nodes__): Array [
    Object {
      "instance": null,
      "key": undefined,
      "nodeType": "function",
      "props": Object {
        "definition": <div>
          <select
            name="month"
            onChange={[Function]}
            style={
              Object {
                "marginRight": 15,
                "padding": 5,
              }
            }
            value="Month"
          >
            <option>
              Month
            </option>
          </select>
          <select
            name="day"
            onChange={[Function]}
            style={
              Object {
                "marginRight": 15,
                "padding": 5,
              }
            }
            value="Day"
          >
            <option>
              Day
            </option>
          </select>
          <select
            name="year"
            onChange={[Function]}
            style={
              Object {
                "marginRight": 15,
                "padding": 5,
              }
            }
            value="Year"
          >
            <option>
              Year
            </option>
          </select>
        </div>,
        "label": "I'm a date picker",
        "maxYear": 9999,
        "onChange": [MockFunction],
      },
      "ref": null,
      "rendered": null,
      "type": [Function],
    },
  ],
  Symbol(enzyme.__options__): Object {
    "adapter": ReactSixteenAdapter {
      "options": Object {
        "enableComponentDidUpdateOnSetState": true,
        "lifecycles": Object {
          "componentDidUpdate": Object {
            "onSetState": true,
          },
          "getDerivedStateFromProps": true,
          "getSnapshotBeforeUpdate": true,
          "setState": Object {
            "skipsComponentDidUpdateOnNullish": true,
          },
        },
      },
    },
    "attachTo": undefined,
    "hydrateIn": undefined,
  },
}
`;
