// Jest Snapshot v1, https://goo.gl/fbAQLP

exports[`Statistics renders 1`] = `
<withTheme(Pane)>
  <withTheme(Pane)
    alignItems="center"
    display="flex"
    flexDirection="row"
    justifyContent="space-between"
    marginBottom={16}
  >
    <withTheme(Heading)
      size={800}
    >
      STATISTICS FOR 
      AUGUST
       
      2018
    </withTheme(Heading)>
    <withTheme(Pane)>
      <withTheme(Select)
        defaultValue={8}
        flex="unset"
        marginRight={4}
        name="month"
        onChange={[Function]}
        width={90}
      >
        <option
          key="0"
          value={1}
        >
          January
        </option>
        <option
          key="1"
          value={2}
        >
          February
        </option>
        <option
          key="2"
          value={3}
        >
          March
        </option>
        <option
          key="3"
          value={4}
        >
          April
        </option>
        <option
          key="4"
          value={5}
        >
          May
        </option>
        <option
          key="5"
          value={6}
        >
          June
        </option>
        <option
          key="6"
          value={7}
        >
          July
        </option>
        <option
          key="7"
          value={8}
        >
          August
        </option>
        <option
          key="8"
          value={9}
        >
          September
        </option>
        <option
          key="9"
          value={10}
        >
          October
        </option>
        <option
          key="10"
          value={11}
        >
          November
        </option>
        <option
          key="11"
          value={12}
        >
          December
        </option>
      </withTheme(Select)>
      <withTheme(Select)
        defaultValue={2018}
        flex="unset"
        name="year"
        onChange={[Function]}
        width={70}
      >
        <option
          key="2015"
          value="2015"
        >
          2015
        </option>
        <option
          key="2016"
          value="2016"
        >
          2016
        </option>
        <option
          key="2017"
          value="2017"
        >
          2017
        </option>
        <option
          key="2018"
          value="2018"
        >
          2018
        </option>
        <option
          key="2019"
          value="2019"
        >
          2019
        </option>
        <option
          key="2020"
          value="2020"
        >
          2020
        </option>
        <option
          key="2021"
          value="2021"
        >
          2021
        </option>
      </withTheme(Select)>
    </withTheme(Pane)>
  </withTheme(Pane)>
  <withTheme(Pane)
    display="flex"
    flexDirection="row"
  >
    <withTheme(Pane)
      margin="80px"
      textAlign="center"
      width="100%"
    >
      <h2>
        Uh-oh!
      </h2>
      <p>
        It looks like you don't have a budget for this month
      </p>
    </withTheme(Pane)>
    <withTheme(Pane)
      display="flex"
      flex="1"
    />
    <withTheme(Pane)
      display="flex"
      flex="1"
    >
      <ul
        className="stat-list"
        style={
          Object {
            "width": "100%",
          }
        }
      />
    </withTheme(Pane)>
  </withTheme(Pane)>
</withTheme(Pane)>
`;
